#-----------------------------------------------------------
# Vivado v2017.2 (64-bit)
# SW Build 1909853 on Thu Jun 15 18:39:09 MDT 2017
# IP Build 1909766 on Thu Jun 15 19:58:00 MDT 2017
# Start of session at: Mon Jan  4 18:35:51 2021
# Process ID: 7684
# Current directory: C:/Users/carlo/Documents/Universidad/Cuarto curso/Primer Semestre/Diseo de sistemas electrnicos digitales/Proyecto final/ProyectoFinal/dsed_audio
# Command line: vivado.exe -gui_launcher_event rodinguilauncherevent9016 C:\Users\carlo\Documents\Universidad\Cuarto curso\Primer Semestre\Diseo de sistemas electrnicos digitales\Proyecto final\ProyectoFinal\dsed_audio\dsed_audio.xpr
# Log file: C:/Users/carlo/Documents/Universidad/Cuarto curso/Primer Semestre/Diseo de sistemas electrnicos digitales/Proyecto final/ProyectoFinal/dsed_audio/vivado.log
# Journal file: C:/Users/carlo/Documents/Universidad/Cuarto curso/Primer Semestre/Diseo de sistemas electrnicos digitales/Proyecto final/ProyectoFinal/dsed_audio\vivado.jou
#-----------------------------------------------------------
start_gui
open_project {C:/Users/carlo/Documents/Universidad/Cuarto curso/Primer Semestre/Diseo de sistemas electrnicos digitales/Proyecto final/ProyectoFinal/dsed_audio/dsed_audio.xpr}
update_compile_order -fileset sources_1
reset_run synth_2
reset_run clk_wiz_12mhz_synth_1
reset_run blk_mem_gen_0_synth_1
launch_runs impl_2 -to_step write_bitstream -jobs 4
wait_on_run impl_2
update_compile_order -fileset sources_1
update_compile_order -fileset sources_1
update_compile_order -fileset sources_1
reset_run synth_2
launch_runs impl_2 -to_step write_bitstream -jobs 4
wait_on_run impl_2
open_hw
connect_hw_server
open_hw_target
set_property PROGRAM.FILE {C:/Users/carlo/Documents/Universidad/Cuarto curso/Primer Semestre/Diseo de sistemas electrnicos digitales/Proyecto final/ProyectoFinal/dsed_audio/dsed_audio.runs/impl_2/dsed_audio.bit} [get_hw_devices xc7a100t_0]
current_hw_device [get_hw_devices xc7a100t_0]
refresh_hw_device -update_hw_probes false [lindex [get_hw_devices xc7a100t_0] 0]
set_property PROBES.FILE {} [get_hw_devices xc7a100t_0]
set_property FULL_PROBES.FILE {} [get_hw_devices xc7a100t_0]
set_property PROGRAM.FILE {C:/Users/carlo/Documents/Universidad/Cuarto curso/Primer Semestre/Diseo de sistemas electrnicos digitales/Proyecto final/ProyectoFinal/dsed_audio/dsed_audio.runs/impl_2/dsed_audio.bit} [get_hw_devices xc7a100t_0]
program_hw_devices [get_hw_devices xc7a100t_0]
refresh_hw_device [lindex [get_hw_devices xc7a100t_0] 0]
launch_simulation
source dsed_audio_1_tb.tcl
run 20 us
reset_run synth_2
launch_runs impl_2 -to_step write_bitstream -jobs 4
wait_on_run impl_2
reset_run synth_2
launch_runs impl_2 -to_step write_bitstream -jobs 4
wait_on_run impl_2
set_property PROBES.FILE {} [get_hw_devices xc7a100t_0]
set_property FULL_PROBES.FILE {} [get_hw_devices xc7a100t_0]
set_property PROGRAM.FILE {C:/Users/carlo/Documents/Universidad/Cuarto curso/Primer Semestre/Diseo de sistemas electrnicos digitales/Proyecto final/ProyectoFinal/dsed_audio/dsed_audio.runs/impl_2/dsed_audio.bit} [get_hw_devices xc7a100t_0]
program_hw_devices [get_hw_devices xc7a100t_0]
refresh_hw_device [lindex [get_hw_devices xc7a100t_0] 0]
reset_run synth_2
launch_runs impl_2 -to_step write_bitstream -jobs 4
wait_on_run impl_2
set_property PROBES.FILE {} [get_hw_devices xc7a100t_0]
set_property FULL_PROBES.FILE {} [get_hw_devices xc7a100t_0]
set_property PROGRAM.FILE {C:/Users/carlo/Documents/Universidad/Cuarto curso/Primer Semestre/Diseo de sistemas electrnicos digitales/Proyecto final/ProyectoFinal/dsed_audio/dsed_audio.runs/impl_2/dsed_audio.bit} [get_hw_devices xc7a100t_0]
program_hw_devices [get_hw_devices xc7a100t_0]
refresh_hw_device [lindex [get_hw_devices xc7a100t_0] 0]
set_property PROBES.FILE {} [get_hw_devices xc7a100t_0]
set_property FULL_PROBES.FILE {} [get_hw_devices xc7a100t_0]
set_property PROGRAM.FILE {C:/Users/carlo/Documents/Universidad/Cuarto curso/Primer Semestre/Diseo de sistemas electrnicos digitales/Proyecto final/ProyectoFinal/dsed_audio/dsed_audio.runs/impl_2/dsed_audio.bit} [get_hw_devices xc7a100t_0]
program_hw_devices [get_hw_devices xc7a100t_0]
refresh_hw_device [lindex [get_hw_devices xc7a100t_0] 0]
close_sim
