#-----------------------------------------------------------
# Vivado v2017.2 (64-bit)
# SW Build 1909853 on Thu Jun 15 18:39:09 MDT 2017
# IP Build 1909766 on Thu Jun 15 19:58:00 MDT 2017
# Start of session at: Thu Jan  7 17:39:21 2021
# Process ID: 18624
# Current directory: D:/Vivado/Laboratorios/final_project/DSEDFinalProject/dsed_audio
# Command line: vivado.exe -gui_launcher_event rodinguilauncherevent6560 D:\Vivado\Laboratorios\final_project\DSEDFinalProject\dsed_audio\dsed_audio.xpr
# Log file: D:/Vivado/Laboratorios/final_project/DSEDFinalProject/dsed_audio/vivado.log
# Journal file: D:/Vivado/Laboratorios/final_project/DSEDFinalProject/dsed_audio\vivado.jou
#-----------------------------------------------------------
start_gui
open_project D:/Vivado/Laboratorios/final_project/DSEDFinalProject/dsed_audio/dsed_audio.xpr
update_compile_order -fileset sources_1
set_property top pwm_tb [get_filesets sim_1]
set_property top_lib xil_defaultlib [get_filesets sim_1]
update_compile_order -fileset sim_1
launch_simulation
source pwm_tb.tcl
run 5999 ns
run 30 us
run 1 ms
restart
run 30 ms
restart
run 30 us
close_sim
