#-----------------------------------------------------------
# Vivado v2017.2 (64-bit)
# SW Build 1909853 on Thu Jun 15 18:39:09 MDT 2017
# IP Build 1909766 on Thu Jun 15 19:58:00 MDT 2017
# Start of session at: Thu Jan  7 22:40:51 2021
# Process ID: 25176
# Current directory: C:/Users/carlo/Documents/Universidad/Cuarto curso/Primer Semestre/Diseo de sistemas electrnicos digitales/Proyecto final/ProyectoFinal/dsed_audio/dsed_audio.runs/synth_2
# Command line: vivado.exe -log dsed_audio.vds -product Vivado -mode batch -messageDb vivado.pb -notrace -source dsed_audio.tcl
# Log file: C:/Users/carlo/Documents/Universidad/Cuarto curso/Primer Semestre/Diseo de sistemas electrnicos digitales/Proyecto final/ProyectoFinal/dsed_audio/dsed_audio.runs/synth_2/dsed_audio.vds
# Journal file: C:/Users/carlo/Documents/Universidad/Cuarto curso/Primer Semestre/Diseo de sistemas electrnicos digitales/Proyecto final/ProyectoFinal/dsed_audio/dsed_audio.runs/synth_2\vivado.jou
#-----------------------------------------------------------
source dsed_audio.tcl -notrace
