#-----------------------------------------------------------
# Webtalk v2017.2 (64-bit)
# SW Build 1909853 on Thu Jun 15 18:39:09 MDT 2017
# IP Build 1909766 on Thu Jun 15 19:58:00 MDT 2017
# Start of session at: Fri Nov 20 11:22:18 2020
# Process ID: 19340
# Current directory: C:/Users/carlo/Documents/Universidad/Cuarto curso/Primer Semestre/Diseo de sistemas electrnicos digitales/Proyecto final/Proyecto/dsed_audio/dsed_audio.sim/sim_1/behav
# Command line: wbtcv.exe -mode batch -source C:/Users/carlo/Documents/Universidad/Cuarto curso/Primer Semestre/Diseo de sistemas electrnicos digitales/Proyecto final/Proyecto/dsed_audio/dsed_audio.sim/sim_1/behav/xsim.dir/controlador_tb_behav/webtalk/xsim_webtalk.tcl -notrace
# Log file: C:/Users/carlo/Documents/Universidad/Cuarto curso/Primer Semestre/Diseo de sistemas electrnicos digitales/Proyecto final/Proyecto/dsed_audio/dsed_audio.sim/sim_1/behav/webtalk.log
# Journal file: C:/Users/carlo/Documents/Universidad/Cuarto curso/Primer Semestre/Diseo de sistemas electrnicos digitales/Proyecto final/Proyecto/dsed_audio/dsed_audio.sim/sim_1/behav\webtalk.jou
#-----------------------------------------------------------
source C:/Users/carlo/Documents/Universidad/Cuarto -notrace
